// Jest Snapshot v1, https://goo.gl/fbAQLP

exports[`should match the snapshot 1`] = `
<button
  className="undefined is-clickable"
  onClick={[Function]}
  type="button"
/>
`;
