// Jest Snapshot v1, https://goo.gl/fbAQLP

exports[`should match the snapshot 1`] = `
<input
  className="is-inline is-clickable"
  onClick={[Function]}
  readOnly={true}
  type="checkbox"
/>
`;
