// Jest Snapshot v1, https://goo.gl/fbAQLP

exports[`should match the snapshot 1`] = `
Array [
  <div
    className="has-text-centered pt-4 is-size-4-mobile is-size-3-tablet is-size-2-desktop has-text-weight-bold"
    data-testid="todo"
  >
    To-do List
  </div>,
  <div
    className="has-text-centered p-6"
  >
    <div
      className="control is-centered container inputdiv"
    >
      <input
        className="input"
        id="todoText"
        onChange={[Function]}
        onFocus={[Function]}
        placeholder="Enter Todo"
        type="text"
      />
    </div>
    <div
      className="pt-6"
    >
      <button
        className="button is-success addtodobtn is-clickable"
        data-testid="button"
        onClick={[Function]}
        type="button"
      >
        Add Todo
      </button>
    </div>
  </div>,
  <div
    className="main-div"
  />,
  <div
    className="has-text-centered subtitle is-4 has-text-weight-bold"
  >
    No Todos Yet
  </div>,
]
`;
